{
    "reconst - frf_msmt": {
        "content": [
            {
                "0": [
                    
                ],
                "1": [
                    [
                        {
                            "id": "test",
                            "single_end": false
                        },
                        "test__wm_frf.txt:md5,ce7fd9c6297bac00072a94845a36f801"
                    ]
                ],
                "2": [
                    [
                        {
                            "id": "test",
                            "single_end": false
                        },
                        "test__gm_frf.txt:md5,c5c4b64fa2e67b8b49c661bcc95fa1ea"
                    ]
                ],
                "3": [
                    [
                        {
                            "id": "test",
                            "single_end": false
                        },
                        "test__csf_frf.txt:md5,9e8a041fee5bead632bf7df65e27bcba"
                    ]
                ],
                "4": [
                    "versions.yml:md5,0ebf33e30da5fc7e67dee8889822322e"
                ],
                "csf_frf": [
                    [
                        {
                            "id": "test",
                            "single_end": false
                        },
                        "test__csf_frf.txt:md5,9e8a041fee5bead632bf7df65e27bcba"
                    ]
                ],
                "frf": [
                    
                ],
                "gm_frf": [
                    [
                        {
                            "id": "test",
                            "single_end": false
                        },
                        "test__gm_frf.txt:md5,c5c4b64fa2e67b8b49c661bcc95fa1ea"
                    ]
                ],
                "versions": [
                    "versions.yml:md5,0ebf33e30da5fc7e67dee8889822322e"
                ],
                "wm_frf": [
                    [
                        {
                            "id": "test",
                            "single_end": false
                        },
                        "test__wm_frf.txt:md5,ce7fd9c6297bac00072a94845a36f801"
                    ]
                ]
            }
        ],
        "meta": {
            "nf-test": "0.9.0",
            "nextflow": "24.10.0"
        },
        "timestamp": "2024-11-21T23:43:04.748418387"
    },
    "reconst - frf_set_frf_no_mask": {
        "content": [
            {
                "0": [
                    [
                        {
                            "id": "test",
                            "single_end": false
                        },
                        "test__frf.txt:md5,d4b17ce95ea4c14a5fa6dc915ceca1ea"
                    ]
                ],
                "1": [
                    
                ],
                "2": [
                    
                ],
                "3": [
                    
                ],
                "4": [
                    "versions.yml:md5,0ebf33e30da5fc7e67dee8889822322e"
                ],
                "csf_frf": [
                    
                ],
                "frf": [
                    [
                        {
                            "id": "test",
                            "single_end": false
                        },
                        "test__frf.txt:md5,d4b17ce95ea4c14a5fa6dc915ceca1ea"
                    ]
                ],
                "gm_frf": [
                    
                ],
                "versions": [
                    "versions.yml:md5,0ebf33e30da5fc7e67dee8889822322e"
                ],
                "wm_frf": [
                    
                ]
            }
        ],
        "meta": {
            "nf-test": "0.9.0",
            "nextflow": "24.10.0"
        },
        "timestamp": "2024-11-21T23:42:58.248269936"
    },
    "reconst - frf": {
        "content": [
            {
                "0": [
                    [
                        {
                            "id": "test",
                            "single_end": false
                        },
                        "test__frf.txt:md5,0daed6995447070554aeb9092addae51"
                    ]
                ],
                "1": [
                    
                ],
                "2": [
                    
                ],
                "3": [
                    
                ],
                "4": [
                    "versions.yml:md5,0ebf33e30da5fc7e67dee8889822322e"
                ],
                "csf_frf": [
                    
                ],
                "frf": [
                    [
                        {
                            "id": "test",
                            "single_end": false
                        },
                        "test__frf.txt:md5,0daed6995447070554aeb9092addae51"
                    ]
                ],
                "gm_frf": [
                    
                ],
                "versions": [
                    "versions.yml:md5,0ebf33e30da5fc7e67dee8889822322e"
                ],
                "wm_frf": [
                    
                ]
            }
        ],
        "meta": {
            "nf-test": "0.9.0",
            "nextflow": "24.10.0"
        },
        "timestamp": "2024-11-21T23:42:34.717512003"
    },
    "reconst - frf_set_frf": {
        "content": [
            {
                "0": [
                    [
                        {
                            "id": "test",
                            "single_end": false
                        },
                        "test__frf.txt:md5,3da4a75e0cdb847d4a250681614be0f6"
                    ]
                ],
                "1": [
                    
                ],
                "2": [
                    
                ],
                "3": [
                    
                ],
                "4": [
                    "versions.yml:md5,0ebf33e30da5fc7e67dee8889822322e"
                ],
                "csf_frf": [
                    
                ],
                "frf": [
                    [
                        {
                            "id": "test",
                            "single_end": false
                        },
                        "test__frf.txt:md5,3da4a75e0cdb847d4a250681614be0f6"
                    ]
                ],
                "gm_frf": [
                    
                ],
                "versions": [
                    "versions.yml:md5,0ebf33e30da5fc7e67dee8889822322e"
                ],
                "wm_frf": [
                    
                ]
            }
        ],
        "meta": {
            "nf-test": "0.9.0",
            "nextflow": "24.10.0"
        },
        "timestamp": "2024-11-21T23:42:50.277291972"
    },
    "reconst - frf_no_mask": {
        "content": [
            {
                "0": [
                    [
                        {
                            "id": "test",
                            "single_end": false
                        },
                        "test__frf.txt:md5,8737d508a9f4ccfcc9fd08cf20514a4c"
                    ]
                ],
                "1": [
                    
                ],
                "2": [
                    
                ],
                "3": [
                    
                ],
                "4": [
                    "versions.yml:md5,0ebf33e30da5fc7e67dee8889822322e"
                ],
                "csf_frf": [
                    
                ],
                "frf": [
                    [
                        {
                            "id": "test",
                            "single_end": false
                        },
                        "test__frf.txt:md5,8737d508a9f4ccfcc9fd08cf20514a4c"
                    ]
                ],
                "gm_frf": [
                    
                ],
                "versions": [
                    "versions.yml:md5,0ebf33e30da5fc7e67dee8889822322e"
                ],
                "wm_frf": [
                    
                ]
            }
        ],
        "meta": {
            "nf-test": "0.9.0",
            "nextflow": "24.10.0"
        },
        "timestamp": "2024-11-21T23:42:42.195312956"
    },
    "reconst - frf_msmt_set_frf": {
        "content": [
            {
                "0": [
                    
                ],
                "1": [
                    [
                        {
                            "id": "test",
                            "single_end": false
                        },
                        "test__wm_frf.txt:md5,ea8109c45c70813c5bd6039be71dd587"
                    ]
                ],
                "2": [
                    [
                        {
                            "id": "test",
                            "single_end": false
                        },
                        "test__gm_frf.txt:md5,cfa072f0957f9ca34a0005f2625c4857"
                    ]
                ],
                "3": [
                    [
                        {
                            "id": "test",
                            "single_end": false
                        },
                        "test__csf_frf.txt:md5,3fc884dad0b04dea8d2936b8c01a9a7f"
                    ]
                ],
                "4": [
                    "versions.yml:md5,0ebf33e30da5fc7e67dee8889822322e"
                ],
                "csf_frf": [
                    [
                        {
                            "id": "test",
                            "single_end": false
                        },
                        "test__csf_frf.txt:md5,3fc884dad0b04dea8d2936b8c01a9a7f"
                    ]
                ],
                "frf": [
                    
                ],
                "gm_frf": [
                    [
                        {
                            "id": "test",
                            "single_end": false
                        },
                        "test__gm_frf.txt:md5,cfa072f0957f9ca34a0005f2625c4857"
                    ]
                ],
                "versions": [
                    "versions.yml:md5,0ebf33e30da5fc7e67dee8889822322e"
                ],
                "wm_frf": [
                    [
                        {
                            "id": "test",
                            "single_end": false
                        },
                        "test__wm_frf.txt:md5,ea8109c45c70813c5bd6039be71dd587"
                    ]
                ]
            }
        ],
        "meta": {
            "nf-test": "0.9.0",
            "nextflow": "24.10.0"
        },
        "timestamp": "2024-11-21T23:43:13.103424797"
    }
}