{
    "registration - Synthmorph": {
        "content": [
            {
                "backward_affine": [
                    [
                        {
                            "id": "test"
                        },
                        "test_out_affine.txt"
                    ]
                ],
                "backward_image_transform": [
                    [
                        {
                            "id": "test"
                        },
                        "test_out_affine.txt",
                        "test_out_warp.nii.gz"
                    ]
                ],
                "backward_tractogram_transform": [
                    [
                        {
                            "id": "test"
                        },
                        "test_out_warp.nii.gz",
                        "test_out_affine.txt"
                    ]
                ],
                "forward_affine": [
                    [
                        {
                            "id": "test"
                        },
                        "test_out_affine.txt"
                    ]
                ],
                "forward_image_transform": [
                    [
                        {
                            "id": "test"
                        },
                        "test_out_warp.nii.gz",
                        "test_out_affine.txt"
                    ]
                ],
                "forward_tractogram_transform": [
                    [
                        {
                            "id": "test"
                        },
                        "test_out_affine.txt",
                        "test_out_warp.nii.gz"
                    ]
                ],
                "image_warped": [
                    [
                        {
                            "id": "test"
                        },
                        "test_warped.nii.gz"
                    ]
                ],
                "versions": [
                    "versions.yml:md5,300199ef2ea6dd6438553c3ec2615e58",
                    "versions.yml:md5,5bc0d347809508f4b94ebe433b0f21b9"
                ]
            }
        ],
        "meta": {
            "nf-test": "0.9.0",
            "nextflow": "25.04.8"
        },
        "timestamp": "2025-10-16T20:51:47.326447932"
    },
    "registration - easyreg": {
        "content": [
            {
                "backward_image_transform": [
                    [
                        {
                            "id": "test"
                        },
                        "test_backward0_warp.nii.gz"
                    ]
                ],
                "backward_tractogram_transform": [
                    [
                        {
                            "id": "test"
                        },
                        "test_forward0_warp.nii.gz"
                    ]
                ],
                "backward_warp": [
                    [
                        {
                            "id": "test"
                        },
                        "test_backward0_warp.nii.gz"
                    ]
                ],
                "forward_image_transform": [
                    [
                        {
                            "id": "test"
                        },
                        "test_forward0_warp.nii.gz"
                    ]
                ],
                "forward_tractogram_transform": [
                    [
                        {
                            "id": "test"
                        },
                        "test_backward0_warp.nii.gz"
                    ]
                ],
                "forward_warp": [
                    [
                        {
                            "id": "test"
                        },
                        "test_forward0_warp.nii.gz"
                    ]
                ],
                "image_warped": [
                    [
                        {
                            "id": "test"
                        },
                        "test_warped.nii.gz"
                    ]
                ],
                "reference_segmentation": [
                    [
                        {
                            "id": "test"
                        },
                        "test_warped_reference_segmentation.nii.gz"
                    ]
                ],
                "reference_warped": [
                    [
                        {
                            "id": "test"
                        },
                        "test_warped_reference.nii.gz"
                    ]
                ],
                "segmentation": [
                    [
                        {
                            "id": "test"
                        },
                        "test_warped_segmentation.nii.gz"
                    ]
                ],
                "versions": [
                    "versions.yml:md5,3f38c911476c605480c02e484fcf6e9f"
                ]
            }
        ],
        "meta": {
            "nf-test": "0.9.0",
            "nextflow": "25.04.8"
        },
        "timestamp": "2025-10-15T18:55:55.830874285"
    },
    "registration - ANTs - SyNQuick": {
        "content": [
            {
                "backward_affine": [
                    [
                        {
                            "id": "test"
                        },
                        "test_backward0_affine.mat"
                    ]
                ],
                "backward_image_transform": [
                    [
                        {
                            "id": "test"
                        },
                        "test_backward0_affine.mat",
                        "test_backward1_warp.nii.gz"
                    ]
                ],
                "backward_tractogram_transform": [
                    [
                        {
                            "id": "test"
                        },
                        "test_forward0_warp.nii.gz",
                        "test_forward1_affine.mat"
                    ]
                ],
                "backward_warp": [
                    [
                        {
                            "id": "test"
                        },
                        "test_backward1_warp.nii.gz"
                    ]
                ],
                "forward_affine": [
                    [
                        {
                            "id": "test"
                        },
                        "test_forward1_affine.mat"
                    ]
                ],
                "forward_image_transform": [
                    [
                        {
                            "id": "test"
                        },
                        "test_forward0_warp.nii.gz",
                        "test_forward1_affine.mat"
                    ]
                ],
                "forward_tractogram_transform": [
                    [
                        {
                            "id": "test"
                        },
                        "test_backward0_affine.mat",
                        "test_backward1_warp.nii.gz"
                    ]
                ],
                "forward_warp": [
                    [
                        {
                            "id": "test"
                        },
                        "test_forward0_warp.nii.gz"
                    ]
                ],
                "image_warped": [
                    [
                        {
                            "id": "test"
                        },
                        "test_t1_warped.nii.gz"
                    ]
                ],
                "mqc": [
                    [
                        {
                            "id": "test"
                        },
                        "test__registration_ants_mqc.gif"
                    ]
                ],
                "versions": [
                    "versions.yml:md5,5f3f8c831b55885ffcc7bd976939dbad"
                ]
            }
        ],
        "meta": {
            "nf-test": "0.9.0",
            "nextflow": "25.04.8"
        },
        "timestamp": "2025-10-16T15:27:00.460253907"
    },
    "registration - ANTs - Anat to DWI": {
        "content": [
            {
                "affine": [
                    [
                        {
                            "id": "test"
                        },
                        "test__forward1_affine.mat"
                    ]
                ],
                "image_transform": [
                    [
                        {
                            "id": "test"
                        },
                        "test__forward0_warp.nii.gz",
                        "test__forward1_affine.mat"
                    ]
                ],
                "image_warped": [
                    [
                        {
                            "id": "test"
                        },
                        "test__T1w_warped.nii.gz"
                    ]
                ],
                "inverse_affine": [
                    [
                        {
                            "id": "test"
                        },
                        "test__backward0_affine.mat"
                    ]
                ],
                "inverse_image_transform": [
                    [
                        {
                            "id": "test"
                        },
                        "test__backward0_affine.mat",
                        "test__backward1_warp.nii.gz"
                    ]
                ],
                "inverse_tractogram_transform": [
                    [
                        {
                            "id": "test"
                        },
                        "test__forward0_warp.nii.gz",
                        "test__forward1_affine.mat"
                    ]
                ],
                "inverse_warp": [
                    [
                        {
                            "id": "test"
                        },
                        "test__backward1_warp.nii.gz"
                    ]
                ],
                "mqc": [
                    [
                        {
                            "id": "test"
                        },
                        "test__registration_anattodwi_mqc.gif"
                    ]
                ],
                "tractogram_transform": [
                    [
                        {
                            "id": "test"
                        },
                        "test__backward0_affine.mat",
                        "test__backward1_warp.nii.gz"
                    ]
                ],
                "versions": [
                    "versions.yml:md5,0f0af6043cb0549dd850d1f59d0c7190"
                ]
            }
        ],
        "meta": {
            "nf-test": "0.9.0",
            "nextflow": "25.04.7"
        },
        "timestamp": "2025-10-17T17:41:51.560683985"
    },
    "registration - SyNQuick": {
        "content": [
            {
                "affine": [
                    [
                        {
                            "id": "test"
                        },
                        "test__forward1_affine.mat"
                    ]
                ],
                "image_transform": [
                    [
                        {
                            "id": "test"
                        },
                        "test__forward0_warp.nii.gz",
                        "test__forward1_affine.mat"
                    ]
                ],
                "image_warped": [
                    [
                        {
                            "id": "test"
                        },
                        "test__t1_warped.nii.gz"
                    ]
                ],
                "inverse_affine": [
                    [
                        {
                            "id": "test"
                        },
                        "test_backward0_affine.mat"
                    ]
                ],
                "backward_image_transform": [
                    [
                        {
                            "id": "test"
                        },
                        "test_backward0_affine.mat",
                        "test_backward1_warp.nii.gz"
                    ]
                ],
                "backward_tractogram_transform": [
                    [
                        {
                            "id": "test"
                        },
                        "test_forward0_warp.nii.gz",
                        "test_forward1_affine.mat"
                    ]
                ],
                "backward_warp": [
                    [
                        {
                            "id": "test"
                        },
                        "test_backward1_warp.nii.gz"
                    ]
                ],
                "forward_affine": [
                    [
                        {
                            "id": "test"
                        },
                        "test_forward1_affine.mat"
                    ]
                ],
                "forward_image_transform": [
                    [
                        {
                            "id": "test"
                        },
                        "test_forward0_warp.nii.gz",
                        "test_forward1_affine.mat"
                    ]
                ],
                "forward_tractogram_transform": [
                    [
                        {
                            "id": "test"
                        },
                        "test_backward0_affine.mat",
                        "test_backward1_warp.nii.gz"
                    ]
                ],
                "forward_warp": [
                    [
                        {
                            "id": "test"
                        },
                        "test_forward0_warp.nii.gz"
                    ]
                ],
                "image_warped": [
                    [
                        {
                            "id": "test"
                        },
                        "test_T1w_warped.nii.gz"
                    ]
                ],
                "mqc": [
                    [
                        {
                            "id": "test"
                        },
                        "test_registration_anattodwi_mqc.gif"
                    ]
                ],
                "versions": [
                    "versions.yml:md5,42f2dcb95a2cf29b157dbaebf162d2dd"
                ]
            }
        ],
        "meta": {
            "nf-test": "0.9.0",
            "nextflow": "25.04.8"
        },
        "timestamp": "2025-10-17T17:41:57.285829729"
    }
}