{
    "mqc - stub-run": {
        "content": [
            [
                "versions.yml:md5,16aa1dcbe5b05553727752197a76fdb3"
            ]
        ],
        "meta": {
            "nf-test": "0.9.0",
            "nextflow": "25.04.2"
        },
        "timestamp": "2025-06-06T02:12:35.381892943"
    },
    "mqc - 4d": {
        "content": [
            {
                "0": [
                    [
                        {
                            "id": "test",
                            "single_end": false
                        },
                        "test_dwi_screenshots_merged_mqc.gif:md5,902f85030fdcb1ca853a1749045fc1f8"
                    ]
                ],
                "1": [
                    "versions.yml:md5,16aa1dcbe5b05553727752197a76fdb3"
                ],
                "mqc_screenshots": [
                    [
                        {
                            "id": "test",
                            "single_end": false
                        },
                        "test_dwi_screenshots_merged_mqc.gif:md5,902f85030fdcb1ca853a1749045fc1f8"
                    ]
                ],
                "versions": [
                    "versions.yml:md5,16aa1dcbe5b05553727752197a76fdb3"
                ]
            }
        ],
        "meta": {
            "nf-test": "0.9.0",
            "nextflow": "24.04.5"
        },
        "timestamp": "2025-06-09T05:28:55.214622269"
    },
    "mqc - option": {
        "content": [
            {
                "0": [
                    [
                        {
                            "id": "test",
                            "single_end": false
                        },
                        "test_T1_to_mask_screenshots_merged_mqc.gif:md5,c889120c9d0dbbba53d71e64ec68e06e"
                    ]
                ],
                "1": [
                    "versions.yml:md5,16aa1dcbe5b05553727752197a76fdb3"
                ],
                "mqc_screenshots": [
                    [
                        {
                            "id": "test",
                            "single_end": false
                        },
                        "test_T1_to_mask_screenshots_merged_mqc.gif:md5,c889120c9d0dbbba53d71e64ec68e06e"
                    ]
                ],
                "versions": [
                    "versions.yml:md5,16aa1dcbe5b05553727752197a76fdb3"
                ]
            }
        ],
        "meta": {
            "nf-test": "0.9.0",
            "nextflow": "24.04.5"
        },
        "timestamp": "2025-06-09T05:26:59.40422293"
    },
    "mqc - comparison": {
        "content": [
            {
                "0": [
                    [
                        {
                            "id": "test",
                            "single_end": false
                        },
                        "test__screenshots_merged_mqc.gif:md5,a497338c8b1577c61a424eb778da7897"
                    ]
                ],
                "1": [
                    "versions.yml:md5,16aa1dcbe5b05553727752197a76fdb3"
                ],
                "mqc_screenshots": [
                    [
                        {
                            "id": "test",
                            "single_end": false
                        },
                        "test__screenshots_merged_mqc.gif:md5,a497338c8b1577c61a424eb778da7897"
                    ]
                ],
                "versions": [
                    "versions.yml:md5,16aa1dcbe5b05553727752197a76fdb3"
                ]
            }
        ],
        "meta": {
            "nf-test": "0.9.0",
            "nextflow": "24.04.5"
        },
        "timestamp": "2025-06-09T05:26:37.944727211"
    }
}