{
    "preproc - normalize - dti shells": {
        "content": [
            {
                "0": [
                    [
                        {
                            "id": "test",
                            "single_end": false
                        },
                        "test__dwi_normalized.nii.gz:md5,0d1ec91a9fdac4448bd7690fbf93a960"
                    ]
                ],
                "1": [
                    [
                        {
                            "id": "test",
                            "single_end": false
                        },
                        "test_fa_wm_mask.nii.gz:md5,9056862830ea449d4c4cf01752b51944"
                    ]
                ],
                "2": [
                    "versions.yml:md5,933ff2ae3b34d23822feddef944515c7"
                ],
                "dwi": [
                    [
                        {
                            "id": "test",
                            "single_end": false
                        },
                        "test__dwi_normalized.nii.gz:md5,0d1ec91a9fdac4448bd7690fbf93a960"
                    ]
                ],
                "mask": [
                    [
                        {
                            "id": "test",
                            "single_end": false
                        },
                        "test_fa_wm_mask.nii.gz:md5,9056862830ea449d4c4cf01752b51944"
                    ]
                ],
                "versions": [
                    "versions.yml:md5,933ff2ae3b34d23822feddef944515c7"
                ]
            }
        ],
        "meta": {
            "nf-test": "0.9.0",
            "nextflow": "25.04.4"
        },
        "timestamp": "2025-07-04T04:39:04.637181628"
    },
    "preproc - normalize": {
        "content": [
            {
                "0": [
                    [
                        {
                            "id": "test",
                            "single_end": false
                        },
                        "test__dwi_normalized.nii.gz:md5,0644f1faa8ecc7890747439800f7a616"
                    ]
                ],
                "1": [
                    [
                        {
                            "id": "test",
                            "single_end": false
                        },
                        "test_fa_wm_mask.nii.gz:md5,2b5c00d69e49c77bfec11f4cc1da2b8e"
                    ]
                ],
                "2": [
                    "versions.yml:md5,933ff2ae3b34d23822feddef944515c7"
                ],
                "dwi": [
                    [
                        {
                            "id": "test",
                            "single_end": false
                        },
                        "test__dwi_normalized.nii.gz:md5,0644f1faa8ecc7890747439800f7a616"
                    ]
                ],
                "mask": [
                    [
                        {
                            "id": "test",
                            "single_end": false
                        },
                        "test_fa_wm_mask.nii.gz:md5,2b5c00d69e49c77bfec11f4cc1da2b8e"
                    ]
                ],
                "versions": [
                    "versions.yml:md5,933ff2ae3b34d23822feddef944515c7"
                ]
            }
        ],
        "meta": {
            "nf-test": "0.9.0",
            "nextflow": "25.04.4"
        },
        "timestamp": "2025-07-04T04:37:27.823592255"
    },
    "preproc - normalize - stub-run": {
        "content": [
            [
                "versions.yml:md5,933ff2ae3b34d23822feddef944515c7"
            ]
        ],
        "meta": {
            "nf-test": "0.9.0",
            "nextflow": "25.04.4"
        },
        "timestamp": "2025-07-04T04:40:08.523560161"
    }
}