{
    "Read BIDS directory - with .bidsignore": {
        "content": [
            [
                
            ]
        ],
        "meta": {
            "nf-test": "0.9.0",
            "nextflow": "25.04.2"
        },
        "timestamp": "2025-06-06T02:35:08.920096313"
    },
    "Read BIDS directory - without .bidsignore": {
        "content": [
            [
                
            ]
        ],
        "meta": {
            "nf-test": "0.9.0",
            "nextflow": "25.04.2"
        },
        "timestamp": "2025-06-06T02:35:01.267035439"
    }
}