{
    "eddy_full": {
        "content": [
            "test__dwi_corrected.nii.gz",
            [
                [
                    {
                        "id": "test",
                        "single_end": false
                    },
                    "test__dwi_eddy_corrected.bval:md5,4c61c53078316c31b4d5daf446a3d6ac"
                ]
            ],
            "test__dwi_eddy_corrected.bvec",
            [
                [
                    {
                        "id": "test",
                        "single_end": false
                    },
                    "test__b0_bet_mask.nii.gz:md5,3e6bf62a42cb7f1f2c8e0d3024fb9fcb"
                ]
            ],
            [
                "versions.yml:md5,137e3ce0fd25e5b16de2d8cc5a5aefca"
            ]
        ],
        "meta": {
            "nf-test": "0.9.0",
            "nextflow": "24.10.4"
        },
        "timestamp": "2025-02-19T23:28:41.731330661"
    },
    "eddy_light": {
        "content": [
            "test__dwi_corrected.nii.gz",
            [
                [
                    {
                        "id": "test",
                        "single_end": false
                    },
                    "test__dwi_eddy_corrected.bval:md5,8192e97b08e8032382397bb844b31892"
                ]
            ],
            "test__dwi_eddy_corrected.bvec",
            [
                [
                    {
                        "id": "test",
                        "single_end": false
                    },
                    "test__b0_bet_mask.nii.gz:md5,3e6bf62a42cb7f1f2c8e0d3024fb9fcb"
                ]
            ],
            [
                "versions.yml:md5,137e3ce0fd25e5b16de2d8cc5a5aefca"
            ]
        ],
        "meta": {
            "nf-test": "0.9.0",
            "nextflow": "24.10.4"
        },
        "timestamp": "2025-02-19T23:29:53.144343053"
    },
    "eddy - stub-run": {
        "content": [
            [
                "versions.yml:md5,137e3ce0fd25e5b16de2d8cc5a5aefca"
            ]
        ],
        "meta": {
            "nf-test": "0.9.0",
            "nextflow": "24.10.4"
        },
        "timestamp": "2025-02-19T22:55:31.519921647"
    }
}