{
    "reconst - noddi - extract_metrics": {
        "content": [
            "test__fit_dir.nii.gz",
            "test__fit_FWF.nii.gz",
            "test__fit_NDI.nii.gz",
            "test__fit_ECVF.nii.gz",
            "test__fit_ODI.nii.gz",
            [
                "versions.yml:md5,7d60348ede01d2f9bd3a2fe9da61741d"
            ],
            145
        ],
        "meta": {
            "nf-test": "0.8.4",
            "nextflow": "23.10.1"
        },
        "timestamp": "2024-05-21T20:49:11.51428"
    },
    "reconst - noddi - save_kernels - no mask": {
        "content": [
            [
                "versions.yml:md5,7d60348ede01d2f9bd3a2fe9da61741d"
            ],
            145
        ],
        "meta": {
            "nf-test": "0.8.4",
            "nextflow": "23.10.1"
        },
        "timestamp": "2024-05-21T17:04:36.944861"
    },
    "reconst - noddi - stub-run": {
        "content": [
            [
                "versions.yml:md5,7d60348ede01d2f9bd3a2fe9da61741d"
            ]
        ],
        "meta": {
            "nf-test": "0.9.0",
            "nextflow": "25.04.2"
        },
        "timestamp": "2025-05-30T18:43:02.680473161"
    }
}