{
    "preproc - n4 - dwi": {
        "content": [
            {
                "0": [
                    [
                        {
                            "id": "test",
                            "single_end": false
                        },
                        "test__image_n4.nii.gz:md5,1430f6e4820b9f2e66d7aec01d9be5fc"
                    ]
                ],
                "1": [
                    "versions.yml:md5,123bad85bad0aa1d76265f833a97370d"
                ],
                "image": [
                    [
                        {
                            "id": "test",
                            "single_end": false
                        },
                        "test__image_n4.nii.gz:md5,1430f6e4820b9f2e66d7aec01d9be5fc"
                    ]
                ],
                "versions": [
                    "versions.yml:md5,123bad85bad0aa1d76265f833a97370d"
                ]
            }
        ],
        "meta": {
            "nf-test": "0.9.0",
            "nextflow": "24.04.5"
        },
        "timestamp": "2025-06-27T01:01:36.651788631"
    },
    "preproc - n4 - stub-run": {
        "content": [
            [
                "versions.yml:md5,123bad85bad0aa1d76265f833a97370d"
            ]
        ],
        "meta": {
            "nf-test": "0.9.0",
            "nextflow": "24.04.5"
        },
        "timestamp": "2025-06-27T02:58:46.251940089"
    },
    "preproc - n4 - stub-run": {
        "content": [
            [
                "versions.yml:md5,08cced153fb00b483f3a59216e05aaff"
            ]
        ],
        "meta": {
            "nf-test": "0.9.0",
            "nextflow": "25.04.2"
        },
        "timestamp": "2025-05-30T18:35:05.431923645"
    },
    "preproc - n4 - anat": {
        "content": [
            {
                "0": [
                    [
                        {
                            "id": "test",
                            "single_end": false
                        },
                        "test__image_n4.nii.gz:md5,76fd1a32c13437e52b571c5b10acf25e"
                    ]
                ],
                "1": [
                    "versions.yml:md5,123bad85bad0aa1d76265f833a97370d"
                ],
                "image": [
                    [
                        {
                            "id": "test",
                            "single_end": false
                        },
                        "test__image_n4.nii.gz:md5,76fd1a32c13437e52b571c5b10acf25e"
                    ]
                ],
                "versions": [
                    "versions.yml:md5,123bad85bad0aa1d76265f833a97370d"
                ]
            }
        ],
        "meta": {
            "nf-test": "0.9.0",
            "nextflow": "24.04.5"
        },
        "timestamp": "2025-06-27T02:41:54.839988087"
    }
}