{
    "connectivity - decompose - without option": {
        "content": [
            {
                "0": [
                    [
                        {
                            "id": "test",
                            "single_end": false
                        },
                        "test__decomposed.h5:md5,90ff9ae7ceb1371349231f85b616874e"
                    ]
                ],
                "1": [
                    [
                        {
                            "id": "test",
                            "single_end": false
                        },
                        "test__labels_list.txt:md5,3b0332e02daabf31651a5a0d81ba830a"
                    ]
                ],
                "2": [
                    "versions.yml:md5,87c5cb9dcdbd457f67cc498ac4190ada"
                ],
                "hdf5": [
                    [
                        {
                            "id": "test",
                            "single_end": false
                        },
                        "test__decomposed.h5:md5,90ff9ae7ceb1371349231f85b616874e"
                    ]
                ],
                "labels_list": [
                    [
                        {
                            "id": "test",
                            "single_end": false
                        },
                        "test__labels_list.txt:md5,3b0332e02daabf31651a5a0d81ba830a"
                    ]
                ],
                "versions": [
                    "versions.yml:md5,87c5cb9dcdbd457f67cc498ac4190ada"
                ]
            }
        ],
        "meta": {
            "nf-test": "0.9.0",
            "nextflow": "25.04.4"
        },
        "timestamp": "2025-06-25T23:20:31.404371024"
    },
    "connectivity - visualisation - stub-run": {
        "content": [
            [
                "versions.yml:md5,87c5cb9dcdbd457f67cc498ac4190ada"
            ]
        ],
        "meta": {
            "nf-test": "0.9.0",
            "nextflow": "25.04.4"
        },
        "timestamp": "2025-06-25T23:20:49.004201724"
    },
    "connectivity - decompose - with all option": {
        "content": [
            {
                "0": [
                    [
                        {
                            "id": "test",
                            "single_end": false
                        },
                        "test__decomposed.h5:md5,5660bb84f333b6586ed247c6b95f6a98"
                    ]
                ],
                "1": [
                    [
                        {
                            "id": "test",
                            "single_end": false
                        },
                        "test__labels_list.txt:md5,3b0332e02daabf31651a5a0d81ba830a"
                    ]
                ],
                "2": [
                    "versions.yml:md5,87c5cb9dcdbd457f67cc498ac4190ada"
                ],
                "hdf5": [
                    [
                        {
                            "id": "test",
                            "single_end": false
                        },
                        "test__decomposed.h5:md5,5660bb84f333b6586ed247c6b95f6a98"
                    ]
                ],
                "labels_list": [
                    [
                        {
                            "id": "test",
                            "single_end": false
                        },
                        "test__labels_list.txt:md5,3b0332e02daabf31651a5a0d81ba830a"
                    ]
                ],
                "versions": [
                    "versions.yml:md5,87c5cb9dcdbd457f67cc498ac4190ada"
                ]
            }
        ],
        "meta": {
            "nf-test": "0.9.0",
            "nextflow": "25.04.4"
        },
        "timestamp": "2025-06-25T23:20:40.783369888"
    }
}