{
    "fit single shell signal": {
        "content": [
            "test__dwi_sh.nii.gz:md5:header,76a9953111f97786bd14a451c61529e7,data,9d8c694457c72375d075ce29838ec91e",
            [
                "versions.yml:md5,b31dee07198d655bc73039659807fcbd"
            ]
        ],
        "meta": {
            "nf-test": "0.9.0",
            "nextflow": "25.04.7"
        },
        "timestamp": "2025-09-22T20:23:58.775324753"
    },
    "fit sh - stub": {
        "content": [
            [
                "versions.yml:md5,b31dee07198d655bc73039659807fcbd"
            ]
        ],
        "meta": {
            "nf-test": "0.9.0",
            "nextflow": "25.04.7"
        },
        "timestamp": "2025-09-22T20:24:12.986333631"
    }
}