{
    "betcrop - fslbetcrop - stub-run": {
        "content": [
            [
                "versions.yml:md5,f7a713e92a5e0bc8cd501c8fe383eebc"
            ]
        ],
        "meta": {
            "nf-test": "0.9.0",
            "nextflow": "25.04.4"
        },
        "timestamp": "2025-07-04T05:09:39.813502057"
    },
    "betcrop - fslbetcrop - dwi": {
        "content": [
            {
                "0": [
                    [
                        {
                            "id": "test",
                            "single_end": false
                        },
                        "test__image_bet.nii.gz:md5,6a3960fdbf0f4dc6e52e1a240aab3e77"
                    ]
                ],
                "1": [
                    [
                        {
                            "id": "test",
                            "single_end": false
                        },
                        "test__image_bet_mask.nii.gz:md5,aad98ede91402c7f8494d5af1900ac93"
                    ]
                ],
                "2": [
                    [
                        {
                            "id": "test",
                            "single_end": false
                        },
                        "test__image_boundingBox.pkl:md5,0f0659fcc6ea1796e19558ba16a682c4"
                    ]
                ],
                "3": [
                    "versions.yml:md5,1b308a3de97ddd39682cecfd005d71aa"
                ],
                "bbox": [
                    [
                        {
                            "id": "test",
                            "single_end": false
                        },
                        "test__image_boundingBox.pkl:md5,0f0659fcc6ea1796e19558ba16a682c4"
                    ]
                ],
                "image": [
                    [
                        {
                            "id": "test",
                            "single_end": false
                        },
                        "test__image_bet.nii.gz:md5,6a3960fdbf0f4dc6e52e1a240aab3e77"
                    ]
                ],
                "mask": [
                    [
                        {
                            "id": "test",
                            "single_end": false
                        },
                        "test__image_bet_mask.nii.gz:md5,aad98ede91402c7f8494d5af1900ac93"
                    ]
                ],
                "versions": [
                    "versions.yml:md5,1b308a3de97ddd39682cecfd005d71aa"
                ]
            }
        ],
        "meta": {
            "nf-test": "0.9.0",
            "nextflow": "25.04.4"
        },
        "timestamp": "2025-07-04T05:05:49.020085474"
    },
    "betcrop - fslbetcrop - t1": {
        "content": [
            {
                "0": [
                    [
                        {
                            "id": "test",
                            "single_end": false
                        },
                        "test__image_bet.nii.gz:md5,3c983126d6226c914030e8d6a5c63f6e"
                    ]
                ],
                "1": [
                    [
                        {
                            "id": "test",
                            "single_end": false
                        },
                        "test__image_bet_mask.nii.gz:md5,c5d967b9ef5ffb31b543fecb87ef8479"
                    ]
                ],
                "2": [
                    [
                        {
                            "id": "test",
                            "single_end": false
                        },
                        "test__image_boundingBox.pkl:md5,a4f59418fe7fb9d067475197de914aa8"
                    ]
                ],
                "3": [
                    "versions.yml:md5,1b308a3de97ddd39682cecfd005d71aa"
                ],
                "bbox": [
                    [
                        {
                            "id": "test",
                            "single_end": false
                        },
                        "test__image_boundingBox.pkl:md5,a4f59418fe7fb9d067475197de914aa8"
                    ]
                ],
                "image": [
                    [
                        {
                            "id": "test",
                            "single_end": false
                        },
                        "test__image_bet.nii.gz:md5,3c983126d6226c914030e8d6a5c63f6e"
                    ]
                ],
                "mask": [
                    [
                        {
                            "id": "test",
                            "single_end": false
                        },
                        "test__image_bet_mask.nii.gz:md5,c5d967b9ef5ffb31b543fecb87ef8479"
                    ]
                ],
                "versions": [
                    "versions.yml:md5,1b308a3de97ddd39682cecfd005d71aa"
                ]
            }
        ],
        "meta": {
            "nf-test": "0.9.0",
            "nextflow": "25.04.4"
        },
        "timestamp": "2025-07-04T05:07:16.782304587"
    },
    "betcrop - fslbetcrop - t1 - dilate": {
        "content": [
            {
                "0": [
                    [
                        {
                            "id": "test",
                            "single_end": false
                        },
                        "test__image_bet.nii.gz:md5,3c983126d6226c914030e8d6a5c63f6e"
                    ]
                ],
                "1": [
                    [
                        {
                            "id": "test",
                            "single_end": false
                        },
                        "test__image_bet_mask.nii.gz:md5,78a93e32e7ff3093649509e59256645b"
                    ]
                ],
                "2": [
                    [
                        {
                            "id": "test",
                            "single_end": false
                        },
                        "test__image_boundingBox.pkl:md5,a4f59418fe7fb9d067475197de914aa8"
                    ]
                ],
                "3": [
                    "versions.yml:md5,1b308a3de97ddd39682cecfd005d71aa"
                ],
                "bbox": [
                    [
                        {
                            "id": "test",
                            "single_end": false
                        },
                        "test__image_boundingBox.pkl:md5,a4f59418fe7fb9d067475197de914aa8"
                    ]
                ],
                "image": [
                    [
                        {
                            "id": "test",
                            "single_end": false
                        },
                        "test__image_bet.nii.gz:md5,3c983126d6226c914030e8d6a5c63f6e"
                    ]
                ],
                "mask": [
                    [
                        {
                            "id": "test",
                            "single_end": false
                        },
                        "test__image_bet_mask.nii.gz:md5,78a93e32e7ff3093649509e59256645b"
                    ]
                ],
                "versions": [
                    "versions.yml:md5,1b308a3de97ddd39682cecfd005d71aa"
                ]
            }
        ],
        "meta": {
            "nf-test": "0.9.0",
            "nextflow": "25.04.4"
        },
        "timestamp": "2025-07-04T05:08:48.202697985"
    }
}
