{
    "denoising - mppca - stub-run": {
        "content": [
            [
                "versions.yml:md5,adbce7b09c63d541cdc2782235363275"
            ]
        ],
        "meta": {
            "nf-test": "0.9.0",
            "nextflow": "25.04.2"
        },
        "timestamp": "2025-05-30T18:21:37.126316828"
    },
    "denoising - mppca": {
        "content": [
            {
                "0": [
                    [
                        {
                            "id": "test"
                        },
                        "test_dwi_denoised.nii.gz:md5,697aa941c0cb71fe1865662da5b727fa"
                    ]
                ],
                "1": [
                    "versions.yml:md5,adbce7b09c63d541cdc2782235363275"
                ],
                "image": [
                    [
                        {
                            "id": "test"
                        },
                        "test_dwi_denoised.nii.gz:md5,697aa941c0cb71fe1865662da5b727fa"
                    ]
                ],
                "versions": [
                    "versions.yml:md5,adbce7b09c63d541cdc2782235363275"
                ]
            }
        ],
        "meta": {
            "nf-test": "0.9.0",
            "nextflow": "24.10.2"
        },
        "timestamp": "2024-12-12T18:27:14.057961679"
    }
}