{
    "image - cropvolume": {
        "content": [
            {
                "0": [
                    
                ],
                "1": [
                    
                ],
                "2": [
                    
                ],
                "bounding_box": [
                    
                ],
                "image": [
                    
                ],
                "versions": [
                    
                ]
            }
        ],
        "meta": {
            "nf-test": "0.9.0",
            "nextflow": "25.04.4"
        },
        "timestamp": "2025-06-27T16:24:49.751921908"
    },
    "image - cropvolume - outputbbox": {
        "content": [
            {
                "0": [
                    
                ],
                "1": [
                    
                ],
                "2": [
                    
                ],
                "bounding_box": [
                    
                ],
                "image": [
                    
                ],
                "versions": [
                    
                ]
            }
        ],
        "meta": {
            "nf-test": "0.9.0",
            "nextflow": "25.04.4"
        },
        "timestamp": "2025-06-27T16:29:24.153934084"
    }
}