{
    "stats - merge json -stub-run": {
        "content": [
            [
                "versions.yml:md5,4e88428f89f69bbb83a75db27d87a381"
            ]
        ],
        "meta": {
            "nf-test": "0.9.0",
            "nextflow": "25.04.7"
        },
        "timestamp": "2025-09-22T21:11:08.66582277"
    },
    "stats - length": {
        "content": [
            "length_stats.json:md5,de69902deee6b5da29aa811381c4a2e4",
            "length_stats.xlsx",
            [
                "versions.yml:md5,4e88428f89f69bbb83a75db27d87a381"
            ]
        ],
        "meta": {
            "nf-test": "0.9.0",
            "nextflow": "25.04.7"
        },
        "timestamp": "2025-09-22T21:10:54.934925518"
    }
}