{
    "bundle - stats - stub-run": {
        "content": [
            [
                "versions.yml:md5,2a73062ec9856a8e64adff5aa950661b"
            ]
        ],
        "meta": {
            "nf-test": "0.9.0",
            "nextflow": "25.04.7"
        },
        "timestamp": "2025-09-17T17:41:57.289308495"
    },
    "bundle - stats - lesions": {
        "content": [
            [
                
            ],
            [
                
            ],
            [
                
            ],
            [
                
            ],
            [
                
            ],
            [
                
            ],
            [
                
            ],
            [
                
            ],
            [
                
            ],
            [
                
            ],
            [
                
            ],
            [
                [
                    {
                        "id": "test",
                        "single_end": false
                    },
                    "test__lesion_stats.json:md5,cefff165378a416816c1c7a644c4969c"
                ]
            ],
            [
                
            ],
            [
                
            ],
            [
                
            ]
        ],
        "meta": {
            "nf-test": "0.9.0",
            "nextflow": "25.04.7"
        },
        "timestamp": "2025-09-21T13:28:38.990354629"
    },
    "bundle - stats": {
        "content": [
            {
                "0": [
                    
                ],
                "1": [
                    
                ],
                "10": [
                    
                ],
                "11": [
                    
                ],
                "12": [
                    
                ],
                "13": [
                    
                ],
                "14": [
                    
                ],
                "15": [
                    "versions.yml:md5,2a73062ec9856a8e64adff5aa950661b"
                ],
                "2": [
                    
                ],
                "3": [
                    
                ],
                "4": [
                    
                ],
                "5": [
                    
                ],
                "6": [
                    
                ],
                "7": [
                    
                ],
                "8": [
                    
                ],
                "9": [
                    
                ],
                "endpoints_head": [
                    
                ],
                "endpoints_metric_stats": [
                    
                ],
                "endpoints_raw": [
                    
                ],
                "endpoints_tail": [
                    
                ],
                "length": [
                    
                ],
                "lesion_map": [
                    
                ],
                "lesion_stats": [
                    
                ],
                "mean_std": [
                    
                ],
                "mean_std_per_point": [
                    
                ],
                "streamline_count": [
                    
                ],
                "streamline_count_lesions": [
                    
                ],
                "versions": [
                    "versions.yml:md5,2a73062ec9856a8e64adff5aa950661b"
                ],
                "volume": [
                    
                ],
                "volume_lesions": [
                    
                ],
                "volume_per_labels": [
                    
                ],
                "volume_per_labels_lesions": [
                    
                ]
            }
        ],
        "meta": {
            "nf-test": "0.9.0",
            "nextflow": "25.04.7"
        },
        "timestamp": "2025-09-21T12:34:09.267334437"
    },
    "bundle - stats - light": {
        "content": [
            {
                "0": [
                    
                ],
                "1": [
                    
                ],
                "10": [
                    
                ],
                "11": [
                    
                ],
                "12": [
                    
                ],
                "13": [
                    
                ],
                "14": [
                    
                ],
                "15": [
                    "versions.yml:md5,2a73062ec9856a8e64adff5aa950661b"
                ],
                "2": [
                    
                ],
                "3": [
                    
                ],
                "4": [
                    
                ],
                "5": [
                    
                ],
                "6": [
                    
                ],
                "7": [
                    
                ],
                "8": [
                    
                ],
                "9": [
                    
                ],
                "endpoints_head": [
                    
                ],
                "endpoints_metric_stats": [
                    
                ],
                "endpoints_raw": [
                    
                ],
                "endpoints_tail": [
                    
                ],
                "length": [
                    
                ],
                "lesion_map": [
                    
                ],
                "lesion_stats": [
                    
                ],
                "mean_std": [
                    
                ],
                "mean_std_per_point": [
                    
                ],
                "streamline_count": [
                    
                ],
                "streamline_count_lesions": [
                    
                ],
                "versions": [
                    "versions.yml:md5,2a73062ec9856a8e64adff5aa950661b"
                ],
                "volume": [
                    
                ],
                "volume_lesions": [
                    
                ],
                "volume_per_labels": [
                    
                ],
                "volume_per_labels_lesions": [
                    
                ]
            }
        ],
        "meta": {
            "nf-test": "0.9.0",
            "nextflow": "25.04.7"
        },
        "timestamp": "2025-09-21T12:34:28.246744306"
    }
}