{
    "rbx - base - no_atlas_folder": {
        "content": [
            {
                "bundles": [
                    [
                        {
                            "id": "test"
                        },
                        "test__AF_L_cleaned.trk"
                    ]
                ],
                "versions": [
                    "versions.yml:md5,2fbc09a51203e509d1a15a631168680e",
                    "versions.yml:md5,84a499436fbf8f1367ec4d8b21cf3abd"
                ]
            ]
        ],
        "meta": {
            "nf-test": "0.9.0",
            "nextflow": "25.04.6"
        },
        "timestamp": "2025-07-04T20:55:58.757696313"
    }
}