{
    "topup_eddy - AP DWI | PA sbref": {
        "content": [
            {
                "b0": [
                    [
                        {
                            "id": "test"
                        },
                        "test_b0.nii.gz"
                    ]
                ],
                "b0_mask": [
                    [
                        {
                            "id": "test"
                        },
                        "test__b0_bet_mask.nii.gz"
                    ]
                ],
                "bval": [
                    [
                        {
                            "id": "test"
                        },
                        "test__dwi_eddy_corrected.bval"
                    ]
                ],
                "bvec": [
                    [
                        {
                            "id": "test"
                        },
                        "test__dwi_eddy_corrected.bvec"
                    ]
                ],
                "dwi": [
                    [
                        {
                            "id": "test"
                        },
                        "test__dwi_corrected.nii.gz"
                    ]
                ],
                "mqc": [
                    [
                        {
                            "id": "test"
                        },
                        "test__dwi_eddy_mqc.gif"
                    ],
                    [
                        {
                            "id": "test"
                        },
                        "test__rev_dwi_eddy_mqc.gif"
                    ]
                ],
                "versions": [
                    "versions.yml:md5,4b74184cf640fe471fd336a12cd7d565",
                    "versions.yml:md5,81cfd1ed44fe6baf7c62ce30bdb4c143"
                ]
            }
        ],
        "meta": {
            "nf-test": "0.9.0",
            "nextflow": "25.04.7"
        },
        "timestamp": "2025-09-23T01:19:13.092133235"
    },
    "topup_eddy - ONLY Eddy - AP DWI | PA sbref": {
        "content": [
            {
                "b0": [
                    [
                        {
                            "id": "test"
                        },
                        "test_b0.nii.gz"
                    ]
                ],
                "b0_mask": [
                    [
                        {
                            "id": "test"
                        },
                        "test__b0_bet_mask.nii.gz"
                    ]
                ],
                "bval": [
                    [
                        {
                            "id": "test"
                        },
                        "test__dwi_eddy_corrected.bval"
                    ]
                ],
                "bvec": [
                    [
                        {
                            "id": "test"
                        },
                        "test__dwi_eddy_corrected.bvec"
                    ]
                ],
                "dwi": [
                    [
                        {
                            "id": "test"
                        },
                        "test__dwi_corrected.nii.gz"
                    ]
                ],
                "mqc": [
                    [
                        {
                            "id": "test"
                        },
                        "test__dwi_eddy_mqc.gif"
                    ],
                    [
                        {
                            "id": "test"
                        },
                        "test__rev_dwi_eddy_mqc.gif"
                    ]
                ],
                "versions": [
                    "versions.yml:md5,4b74184cf640fe471fd336a12cd7d565",
                    "versions.yml:md5,81cfd1ed44fe6baf7c62ce30bdb4c143"
                ]
            }
        ],
        "meta": {
            "nf-test": "0.9.0",
            "nextflow": "25.04.7"
        },
        "timestamp": "2025-09-23T01:18:47.367087088"
    },
    "topup_eddy - AP DWI+sbref | PA DWI+sbref": {
        "content": [
            {
                "b0": [
                    [
                        {
                            "id": "test"
                        },
                        "test_b0.nii.gz"
                    ]
                ],
                "b0_mask": [
                    [
                        {
                            "id": "test"
                        },
                        "test__b0_bet_mask.nii.gz"
                    ]
                ],
                "bval": [
                    [
                        {
                            "id": "test"
                        },
                        "test__dwi_eddy_corrected.bval"
                    ]
                ],
                "bvec": [
                    [
                        {
                            "id": "test"
                        },
                        "test__dwi_eddy_corrected.bvec"
                    ]
                ],
                "dwi": [
                    [
                        {
                            "id": "test"
                        },
                        "test__dwi_corrected.nii.gz"
                    ]
                ],
                "mqc": [
                    [
                        {
                            "id": "test"
                        },
                        "test__dwi_eddy_mqc.gif"
                    ],
                    [
                        {
                            "id": "test"
                        },
                        "test__rev_dwi_eddy_mqc.gif"
                    ]
                ],
                "versions": [
                    "versions.yml:md5,4b74184cf640fe471fd336a12cd7d565",
                    "versions.yml:md5,81cfd1ed44fe6baf7c62ce30bdb4c143"
                ]
            }
        ],
        "meta": {
            "nf-test": "0.9.0",
            "nextflow": "25.04.7"
        },
        "timestamp": "2025-09-23T01:19:38.392285798"
    }
}