{
    "io - readbids - folder": {
        "content": [
            {
                "0": [
                    "tractoflow_bids_struct.json:md5,d41d8cd98f00b204e9800998ecf8427e"
                ],
                "1": [
                    "versions.yml:md5,d5fb02ea0d1d647fa107f760b268e703"
                ],
                "bidsstructure": [
                    "tractoflow_bids_struct.json:md5,d41d8cd98f00b204e9800998ecf8427e"
                ],
                "versions": [
                    "versions.yml:md5,d5fb02ea0d1d647fa107f760b268e703"
                ]
            }
        ],
        "meta": {
            "nf-test": "0.9.0",
            "nextflow": "24.04.5"
        },
        "timestamp": "2025-06-06T19:31:59.761976611"
    },
    "io - readbids - stub-run": {
        "content": [
            [
                "versions.yml:md5,d5fb02ea0d1d647fa107f760b268e703"
            ]
        ],
        "meta": {
            "nf-test": "0.9.0",
            "nextflow": "24.04.5"
        },
        "timestamp": "2025-06-06T19:32:18.054021242"
    }
}