{
    "denoising - nlmeans": {
        "content": [
            {
                "0": [
                    [
                        {
                            "id": "test"
                        },
                        "test__denoised.nii.gz:md5,4443314c19646ac7ae866ff1947cb665"
                    ]
                ],
                "1": [
                    "versions.yml:md5,ceabc00e745975c884a5ab0b435c93db"
                ],
                "image": [
                    [
                        {
                            "id": "test"
                        },
                        "test__denoised.nii.gz:md5,4443314c19646ac7ae866ff1947cb665"
                    ]
                ],
                "versions": [
                    "versions.yml:md5,ceabc00e745975c884a5ab0b435c93db"
                ]
            }
        ],
        "meta": {
            "nf-test": "0.9.0",
            "nextflow": "25.04.7"
        },
        "timestamp": "2025-09-22T18:05:49.734408259"
    },
    "denoising - nlmeans - stub-run": {
        "content": [
            [
                "versions.yml:md5,ceabc00e745975c884a5ab0b435c93db"
            ]
        ],
        "meta": {
            "nf-test": "0.9.0",
            "nextflow": "25.04.7"
        },
        "timestamp": "2025-09-22T18:06:02.237693246"
    }
}