{
    "densitymap - map": {
        "content": [
            {
                "0": [
                    [
                        {
                            "id": "test",
                            "single_end": false
                        },
                        "test__bundle_all_1mm.nii.gz:md5,a9cc8ba016a680ec8cbac940c45e5464"
                    ]
                ],
                "1": [
                    "versions.yml:md5,99078ff3904c269f687e76f248685e2d"
                ],
                "density_map": [
                    [
                        {
                            "id": "test",
                            "single_end": false
                        },
                        "test__bundle_all_1mm.nii.gz:md5,a9cc8ba016a680ec8cbac940c45e5464"
                    ]
                ],
                "versions": [
                    "versions.yml:md5,99078ff3904c269f687e76f248685e2d"
                ]
            }
        ],
        "meta": {
            "nf-test": "0.9.0",
            "nextflow": "25.04.7"
        },
        "timestamp": "2025-09-23T00:30:48.604554342"
    },
    "densitymap - mask": {
        "content": [
            {
                "0": [
                    [
                        {
                            "id": "test",
                            "single_end": false
                        },
                        "test__bundle_all_1mm.nii.gz:md5,5c682d295c593e132295e21e753a6f4f"
                    ]
                ],
                "1": [
                    "versions.yml:md5,99078ff3904c269f687e76f248685e2d"
                ],
                "density_map": [
                    [
                        {
                            "id": "test",
                            "single_end": false
                        },
                        "test__bundle_all_1mm.nii.gz:md5,5c682d295c593e132295e21e753a6f4f"
                    ]
                ],
                "versions": [
                    "versions.yml:md5,99078ff3904c269f687e76f248685e2d"
                ]
            }
        ],
        "meta": {
            "nf-test": "0.9.0",
            "nextflow": "25.04.7"
        },
        "timestamp": "2025-09-23T00:30:59.827759348"
    },
    "densitymap - stub-run": {
        "content": [
            [
                "versions.yml:md5,99078ff3904c269f687e76f248685e2d"
            ]
        ],
        "meta": {
            "nf-test": "0.9.0",
            "nextflow": "25.04.7"
        },
        "timestamp": "2025-09-23T00:31:15.408992193"
    }
}