{
    "Image convert - stub": {
        "content": [
            [
                "versions.yml:md5,5c6f0565fe5f61aea47dc7436b5cd390"
            ]
        ],
        "meta": {
            "nf-test": "0.9.0",
            "nextflow": "25.04.2"
        },
        "timestamp": "2025-06-06T02:11:34.184230153"
    },
    "Image convert - uint8": {
        "content": [
            {
                "0": [
                    [
                        {
                            "id": "test",
                            "single_end": false
                        },
                        "test_t1_uint8_converted.nii.gz:md5,2c99f7ac5528b9ffac4cb0e4ee404614"
                    ]
                ],
                "1": [
                    "versions.yml:md5,5c6f0565fe5f61aea47dc7436b5cd390"
                ],
                "image": [
                    [
                        {
                            "id": "test",
                            "single_end": false
                        },
                        "test_t1_uint8_converted.nii.gz:md5,2c99f7ac5528b9ffac4cb0e4ee404614"
                    ]
                ],
                "versions": [
                    "versions.yml:md5,5c6f0565fe5f61aea47dc7436b5cd390"
                ]
            }
        ],
        "meta": {
            "nf-test": "0.9.0",
            "nextflow": "24.04.5"
        },
        "timestamp": "2025-06-09T05:25:02.837633897"
    },
    "Image convert - float32": {
        "content": [
            {
                "0": [
                    [
                        {
                            "id": "test",
                            "single_end": false
                        },
                        "test_float32_converted.nii.gz:md5,6e94cba9013988eec16a8a5ae8e808ae"
                    ]
                ],
                "1": [
                    "versions.yml:md5,5c6f0565fe5f61aea47dc7436b5cd390"
                ],
                "image": [
                    [
                        {
                            "id": "test",
                            "single_end": false
                        },
                        "test_float32_converted.nii.gz:md5,6e94cba9013988eec16a8a5ae8e808ae"
                    ]
                ],
                "versions": [
                    "versions.yml:md5,5c6f0565fe5f61aea47dc7436b5cd390"
                ]
            }
        ],
        "meta": {
            "nf-test": "0.9.0",
            "nextflow": "24.04.5"
        },
        "timestamp": "2025-06-09T05:25:09.91664715"
    }
}