{
    "image - resample - stub-run": {
        "content": [
            [
                "versions.yml:md5,1b4cfa533dd96b32ffb96281156fa5c3"
            ]
        ],
        "meta": {
            "nf-test": "0.9.0",
            "nextflow": "25.04.7"
        },
        "timestamp": "2025-09-18T13:35:46.245835866"
    },
    "image - resample - isomin": {
        "content": [
            {
                "0": [
                    [
                        {
                            "id": "test",
                            "single_end": false
                        },
                        "test_resampled.nii.gz:md5,f3164907d16ceabf606a03ea0efd3a2f"
                    ]
                ],
                "1": [
                    "versions.yml:md5,1b4cfa533dd96b32ffb96281156fa5c3"
                ],
                "image": [
                    [
                        {
                            "id": "test",
                            "single_end": false
                        },
                        "test_resampled.nii.gz:md5,f3164907d16ceabf606a03ea0efd3a2f"
                    ]
                ],
                "versions": [
                    "versions.yml:md5,1b4cfa533dd96b32ffb96281156fa5c3"
                ]
            }
        ],
        "meta": {
            "nf-test": "0.9.0",
            "nextflow": "25.04.7"
        },
        "timestamp": "2025-09-18T13:33:19.060733517"
    },
    "image - resample - nn": {
        "content": [
            {
                "0": [
                    [
                        {
                            "id": "test",
                            "single_end": false
                        },
                        "test_resampled.nii.gz:md5,8d3e1c9552673b1ce60bc4d090198564"
                    ]
                ],
                "1": [
                    "versions.yml:md5,1b4cfa533dd96b32ffb96281156fa5c3"
                ],
                "image": [
                    [
                        {
                            "id": "test",
                            "single_end": false
                        },
                        "test_resampled.nii.gz:md5,8d3e1c9552673b1ce60bc4d090198564"
                    ]
                ],
                "versions": [
                    "versions.yml:md5,1b4cfa533dd96b32ffb96281156fa5c3"
                ]
            }
        ],
        "meta": {
            "nf-test": "0.9.0",
            "nextflow": "25.04.7"
        },
        "timestamp": "2025-09-18T13:35:04.932750964"
    },
    "image - resample - volsize": {
        "content": [
            {
                "0": [
                    [
                        {
                            "id": "test",
                            "single_end": false
                        },
                        "test_resampled.nii.gz:md5,7c83b666f9fb2d68643a20d1c7ac21d8"
                    ]
                ],
                "1": [
                    "versions.yml:md5,1b4cfa533dd96b32ffb96281156fa5c3"
                ],
                "image": [
                    [
                        {
                            "id": "test",
                            "single_end": false
                        },
                        "test_resampled.nii.gz:md5,7c83b666f9fb2d68643a20d1c7ac21d8"
                    ]
                ],
                "versions": [
                    "versions.yml:md5,1b4cfa533dd96b32ffb96281156fa5c3"
                ]
            }
        ],
        "meta": {
            "nf-test": "0.9.0",
            "nextflow": "25.04.7"
        },
        "timestamp": "2025-09-18T13:32:26.05993368"
    },
    "image - resample - voxsize": {
        "content": [
            {
                "0": [
                    [
                        {
                            "id": "test",
                            "single_end": false
                        },
                        "test_voxsize_resampled.nii.gz:md5,6ffdabab138186db2dab6f98ea6e9ffb"
                    ]
                ],
                "1": [
                    "versions.yml:md5,1b4cfa533dd96b32ffb96281156fa5c3"
                ],
                "image": [
                    [
                        {
                            "id": "test",
                            "single_end": false
                        },
                        "test_voxsize_resampled.nii.gz:md5,6ffdabab138186db2dab6f98ea6e9ffb"
                    ]
                ],
                "versions": [
                    "versions.yml:md5,1b4cfa533dd96b32ffb96281156fa5c3"
                ]
            }
        ],
        "meta": {
            "nf-test": "0.9.0",
            "nextflow": "25.04.7"
        },
        "timestamp": "2025-09-18T13:31:29.797057877"
    },
    "image - resample - ref": {
        "content": [
            {
                "0": [
                    [
                        {
                            "id": "test",
                            "single_end": false
                        },
                        "test_resampled.nii.gz:md5,0a45d21ff294fda2e41c620cf83d0406"
                    ]
                ],
                "1": [
                    "versions.yml:md5,1b4cfa533dd96b32ffb96281156fa5c3"
                ],
                "image": [
                    [
                        {
                            "id": "test",
                            "single_end": false
                        },
                        "test_resampled.nii.gz:md5,0a45d21ff294fda2e41c620cf83d0406"
                    ]
                ],
                "versions": [
                    "versions.yml:md5,1b4cfa533dd96b32ffb96281156fa5c3"
                ]
            }
        ],
        "meta": {
            "nf-test": "0.9.0",
            "nextflow": "25.04.7"
        },
        "timestamp": "2025-09-18T13:34:11.776212667"
    }
}