{
    "anatomical_segmentation - freesurferseg": {
        "content": [
            {
                "csf_mask": [
                    [
                        {
                            "id": "test"
                        },
                        "test__mask_csf.nii.gz"
                    ]
                ],
                "gm_mask": [
                    [
                        {
                            "id": "test"
                        },
                        "test__mask_gm.nii.gz"
                    ]
                ],
                "versions": [
                    "versions.yml:md5,474a51e2162c95ec73b13b01c89eff7f"
                ],
                "wm_mask": [
                    [
                        {
                            "id": "test"
                        },
                        "test__mask_wm.nii.gz"
                    ]
                ]
            }
        ],
        "meta": {
            "nf-test": "0.9.0",
            "nextflow": "24.04.5"
        },
        "timestamp": "2025-06-09T03:35:25.153701421"
    },
    "anatomical_segmentation - synthseg": {
        "content": [
            {
                "aparc_aseg": [
                    [
                        {
                            "id": "test"
                        },
                        "test__aparc_aseg.nii.gz"
                    ]
                ],
                "csf_map": [
                    [
                        {
                            "id": "test"
                        },
                        "test__map_csf.nii.gz"
                    ]
                ],
                "csf_mask": [
                    [
                        {
                            "id": "test"
                        },
                        "test__mask_csf.nii.gz"
                    ]
                ],
                "gm_map": [
                    [
                        {
                            "id": "test"
                        },
                        "test__map_gm.nii.gz"
                    ]
                ],
                "gm_mask": [
                    [
                        {
                            "id": "test"
                        },
                        "test__mask_gm.nii.gz"
                    ]
                ],
                "qc_score": [
                    [
                        {
                            "id": "test"
                        },
                        "test__qc_score.csv"
                    ]
                ],
                "resample": [
                    [
                        {
                            "id": "test"
                        },
                        "test__resampled_image.nii.gz"
                    ]
                ],
                "seg": [
                    [
                        {
                            "id": "test"
                        },
                        "test__seg.nii.gz"
                    ]
                ],
                "versions": [
                    "versions.yml:md5,95e31db072c7bb2505128bd08beaecf4"
                ],
                "volume": [
                    [
                        {
                            "id": "test"
                        },
                        "test__volume.csv"
                    ]
                ],
                "wm_map": [
                    [
                        {
                            "id": "test"
                        },
                        "test__map_wm.nii.gz"
                    ]
                ],
                "wm_mask": [
                    [
                        {
                            "id": "test"
                        },
                        "test__mask_wm.nii.gz"
                    ]
                ]
            }
        ],
        "meta": {
            "nf-test": "0.9.0",
            "nextflow": "24.04.5"
        },
        "timestamp": "2025-06-09T03:34:25.538979419"
    },
    "anatomical_segmentation - fslfast": {
        "content": [
            {
                "csf_map": [
                    [
                        {
                            "id": "test"
                        },
                        "test__map_csf.nii.gz"
                    ]
                ],
                "csf_mask": [
                    [
                        {
                            "id": "test"
                        },
                        "test__mask_csf.nii.gz"
                    ]
                ],
                "gm_map": [
                    [
                        {
                            "id": "test"
                        },
                        "test__map_gm.nii.gz"
                    ]
                ],
                "gm_mask": [
                    [
                        {
                            "id": "test"
                        },
                        "test__mask_gm.nii.gz"
                    ]
                ],
                "versions": [
                    "versions.yml:md5,0d100de62a24580c4abbed9193fb6352"
                ],
                "wm_map": [
                    [
                        {
                            "id": "test"
                        },
                        "test__map_wm.nii.gz"
                    ]
                ],
                "wm_mask": [
                    [
                        {
                            "id": "test"
                        },
                        "test__mask_wm.nii.gz"
                    ]
                ]
            }
        ],
        "meta": {
            "nf-test": "0.9.0",
            "nextflow": "24.04.5"
        },
        "timestamp": "2025-06-09T03:29:02.01884958"
    },
    "anatomical_segmentation - both": {
        "content": [
            {
                "csf_map": [
                    [
                        {
                            "id": "test"
                        },
                        "test__map_csf.nii.gz"
                    ]
                ],
                "csf_mask": [
                    [
                        {
                            "id": "test"
                        },
                        "test__mask_csf.nii.gz"
                    ]
                ],
                "gm_map": [
                    [
                        {
                            "id": "test"
                        },
                        "test__map_gm.nii.gz"
                    ]
                ],
                "gm_mask": [
                    [
                        {
                            "id": "test"
                        },
                        "test__mask_gm.nii.gz"
                    ]
                ],
                "versions": [
                    "versions.yml:md5,0d100de62a24580c4abbed9193fb6352",
                    "versions.yml:md5,474a51e2162c95ec73b13b01c89eff7f"
                ],
                "wm_map": [
                    [
                        {
                            "id": "test"
                        },
                        "test__map_wm.nii.gz"
                    ]
                ],
                "wm_mask": [
                    [
                        {
                            "id": "test"
                        },
                        "test__mask_wm.nii.gz"
                    ]
                ]
            }
        ],
        "meta": {
            "nf-test": "0.9.0",
            "nextflow": "24.04.5"
        },
        "timestamp": "2025-06-09T03:34:11.812578267"
    }
}