{
    "powderaverage - with mask and shells": {
        "content": [
            {
                "0": [
                    
                ],
                "1": [
                    
                ],
                "pwd_avg": [
                    
                ],
                "versions": [
                    
                ]
            }
        ],
        "meta": {
            "nf-test": "0.9.0",
            "nextflow": "25.04.4"
        },
        "timestamp": "2025-06-27T16:38:33.039923609"
    },
    "powderaverage - no mask and no shell": {
        "content": [
            {
                "0": [
                    
                ],
                "1": [
                    
                ],
                "pwd_avg": [
                    
                ],
                "versions": [
                    
                ]
            }
        ],
        "meta": {
            "nf-test": "0.9.0",
            "nextflow": "25.04.4"
        },
        "timestamp": "2025-06-27T16:33:58.62746552"
    }
}