{
    "preproc - gibbs - stub-run": {
        "content": [
            [
                "versions.yml:md5,7b29c0b3ece4feea121dd85f3163a3e0"
            ]
        ],
        "meta": {
            "nf-test": "0.9.0",
            "nextflow": "25.04.2"
        },
        "timestamp": "2025-05-30T18:34:55.729298282"
    },
    "preproc - gibbs": {
        "content": [
            {
                "0": [
                    [
                        {
                            "id": "test",
                            "single_end": false
                        },
                        "test__dwi_gibbs_corrected.nii.gz:md5,f15ce978797cd4342089e16204a40436"
                    ]
                ],
                "1": [
                    "versions.yml:md5,65c58dca4630ca36c724dd823f437585"
                ],
                "dwi": [
                    [
                        {
                            "id": "test",
                            "single_end": false
                        },
                        "test__dwi_gibbs_corrected.nii.gz:md5,f15ce978797cd4342089e16204a40436"
                    ]
                ],
                "versions": [
                    "versions.yml:md5,65c58dca4630ca36c724dd823f437585"
                ]
            }
        ],
        "meta": {
            "nf-test": "0.8.4",
            "nextflow": "23.10.1"
        },
        "timestamp": "2024-05-08T17:18:35.063226"
    }
}