{
    "bundle - recognize - params": {
        "content": [
            {
                "bundles": [
                    [
                        {
                            "id": "test",
                            "single_end": false
                        },
                        "test__bundle_1_cleaned.trk",
                        "test__bundle_2_cleaned.trk",
                        "test__bundle_3_cleaned.trk",
                        "test__bundle_4_cleaned.trk",
                        "test__bundle_5_cleaned.trk"
                    ]
                ],
                "versions": [
                    "versions.yml:md5,eb3601ea7d75a814065dbdf1e78702de"
                ]
            }
        ],
        "meta": {
            "nf-test": "0.9.0",
            "nextflow": "24.04.5"
        },
        "timestamp": "2025-06-13T18:48:49.480149664"
    },
    "bundle - recognize - stub-run": {
        "content": [
            {
                "bundles": [
                    [
                        {
                            "id": "test",
                            "single_end": false
                        },
                        "test__AF_L_cleaned.trk"
                    ]
                ],
                "versions": [
                    "versions.yml:md5,eb3601ea7d75a814065dbdf1e78702de"
                ]
            }
        ],
        "meta": {
            "nf-test": "0.9.0",
            "nextflow": "24.04.5"
        },
        "timestamp": "2025-06-13T18:49:00.940259324"
    },
    "bundle - recognize - base": {
        "content": [
            {
                "bundles": [
                    [
                        {
                            "id": "test",
                            "single_end": false
                        },
                        "test__bundle_1_cleaned.trk",
                        "test__bundle_2_cleaned.trk",
                        "test__bundle_3_cleaned.trk",
                        "test__bundle_4_cleaned.trk",
                        "test__bundle_5_cleaned.trk"
                    ]
                ],
                "versions": [
                    "versions.yml:md5,eb3601ea7d75a814065dbdf1e78702de"
                ]
            }
        ],
        "meta": {
            "nf-test": "0.9.0",
            "nextflow": "24.04.5"
        },
        "timestamp": "2025-06-13T18:47:25.226228984"
    }
}