{
    "bundle - fixelafd": {
        "content": [
            {
                "0": [
                    [
                        {
                            "id": "test",
                            "single_end": false
                        },
                        "test__tracking_afd_metric.nii.gz:md5,01ac9796dc0ff6861c2992d513d690d3"
                    ]
                ],
                "1": [
                    "versions.yml:md5,219de1df0d294327a5559c161a0f0dff"
                ],
                "fixel_afd": [
                    [
                        {
                            "id": "test",
                            "single_end": false
                        },
                        "test__tracking_afd_metric.nii.gz:md5,01ac9796dc0ff6861c2992d513d690d3"
                    ]
                ],
                "versions": [
                    "versions.yml:md5,219de1df0d294327a5559c161a0f0dff"
                ]
            }
        ],
        "meta": {
            "nf-test": "0.9.0",
            "nextflow": "25.04.7"
        },
        "timestamp": "2025-09-17T17:38:11.324780769"
    },
    "bundle - fixelafd - stub-run": {
        "content": [
            [
                "versions.yml:md5,219de1df0d294327a5559c161a0f0dff"
            ]
        ],
        "meta": {
            "nf-test": "0.9.0",
            "nextflow": "25.04.7"
        },
        "timestamp": "2025-09-17T17:38:22.322152638"
    }
}